[32minfo[39m:   Server is running at http://localhost:3000 in development mode
[32minfo[39m:   Press CTRL-C to stop

[32minfo[39m:   Server is running at http://localhost:3000 in development mode
[32minfo[39m:   Press CTRL-C to stop

[32minfo[39m:   Server is running at http://localhost:3000 in development mode
[32minfo[39m:   Press CTRL-C to stop

[32minfo[39m:   Server is running at http://localhost:3000 in development mode
[32minfo[39m:   Press CTRL-C to stop

[32minfo[39m:   Server is running at http://localhost:3000 in development mode
[32minfo[39m:   Press CTRL-C to stop

[32minfo[39m:   Server is running at http://localhost:3000 in development mode
[32minfo[39m:   Press CTRL-C to stop

[32minfo[39m:   Server is running at http://localhost:3000 in development mode
[32minfo[39m:   Press CTRL-C to stop

[32minfo[39m:   Server is running at http://localhost:3000 in development mode
[32minfo[39m:   Press CTRL-C to stop

[32minfo[39m:   Server is running at http://localhost:3000 in development mode
[32minfo[39m:   Press CTRL-C to stop

[32minfo[39m:   Server is running at http://localhost:3000 in development mode
[32minfo[39m:   Press CTRL-C to stop

[32minfo[39m:   Server is running at http://localhost:3000 in development mode
[32minfo[39m:   Press CTRL-C to stop

[32minfo[39m:   Server is running at http://localhost:3000 in development mode
[32minfo[39m:   Press CTRL-C to stop

[32minfo[39m:   Server is running at http://localhost:3000 in development mode
[32minfo[39m:   Press CTRL-C to stop

[31merror[39m: 
Invalid `this.prisma.user.create()` invocation in
/src/src/Modules/User/infrastructure/repositories/UserRepository.ts:23:30

  20 async create(userData: UserInterface): Promise<InternalResponse> {
  21   try {
  22     const { id, ...createData } = userData; // omitimos id si viene
→ 23     await this.prisma.user.create(
The table `public.users` does not exist in the current database. {"clientVersion":"6.8.2","code":"P2021","meta":{"modelName":"User","table":"public.users"},"name":"PrismaClientKnownRequestError","stack":"PrismaClientKnownRequestError: \nInvalid `this.prisma.user.create()` invocation in\n/src/src/Modules/User/infrastructure/repositories/UserRepository.ts:23:30\n\n  20 async create(userData: UserInterface): Promise<InternalResponse> {\n  21   try {\n  22     const { id, ...createData } = userData; // omitimos id si viene\n→ 23     await this.prisma.user.create(\nThe table `public.users` does not exist in the current database.\n    at Zn.handleRequestError (/src/node_modules/@prisma/client/runtime/library.js:121:7459)\n    at Zn.handleAndLogRequestError (/src/node_modules/@prisma/client/runtime/library.js:121:6784)\n    at Zn.request (/src/node_modules/@prisma/client/runtime/library.js:121:6491)\n    at async l (/src/node_modules/@prisma/client/runtime/library.js:130:9778)"}
[31merror[39m: Error creating new user {"stack":"Error: Error creating new user\n    at UsersController.<anonymous> (/src/src/Modules/User/infrastructure/controllers/UsersController.ts:62:36)\n    at Generator.next (<anonymous>)\n    at fulfilled (/src/src/Modules/User/infrastructure/controllers/UsersController.ts:5:58)","statusCode":400}
[32minfo[39m:   Server is running at http://localhost:3000 in development mode
[32minfo[39m:   Press CTRL-C to stop

[31merror[39m: 
Invalid `this.prisma.user.create()` invocation in
/src/src/Modules/User/infrastructure/repositories/UserRepository.ts:23:30

  20 async create(userData: UserInterface): Promise<InternalResponse> {
  21   try {
  22     const { id, ...createData } = userData; 
→ 23     await this.prisma.user.create(
Unique constraint failed on the fields: (`email`) {"clientVersion":"6.8.2","code":"P2002","meta":{"modelName":"User","target":["email"]},"name":"PrismaClientKnownRequestError","stack":"PrismaClientKnownRequestError: \nInvalid `this.prisma.user.create()` invocation in\n/src/src/Modules/User/infrastructure/repositories/UserRepository.ts:23:30\n\n  20 async create(userData: UserInterface): Promise<InternalResponse> {\n  21   try {\n  22     const { id, ...createData } = userData; \n→ 23     await this.prisma.user.create(\nUnique constraint failed on the fields: (`email`)\n    at Zn.handleRequestError (/src/node_modules/@prisma/client/runtime/library.js:121:7459)\n    at Zn.handleAndLogRequestError (/src/node_modules/@prisma/client/runtime/library.js:121:6784)\n    at Zn.request (/src/node_modules/@prisma/client/runtime/library.js:121:6491)\n    at async l (/src/node_modules/@prisma/client/runtime/library.js:130:9778)"}
[31merror[39m: Error creating new user {"stack":"Error: Error creating new user\n    at UsersController.<anonymous> (/src/src/Modules/User/infrastructure/controllers/UsersController.ts:62:36)\n    at Generator.next (<anonymous>)\n    at fulfilled (/src/src/Modules/User/infrastructure/controllers/UsersController.ts:5:58)","statusCode":400}
[32minfo[39m:   Server is running at http://localhost:3000 in development mode
[32minfo[39m:   Press CTRL-C to stop

[31merror[39m: 
Invalid `this.prisma.user.create()` invocation in
/src/src/Modules/User/infrastructure/repositories/UserRepository.ts:23:30

  20 async create(userData: UserInterface): Promise<InternalResponse> {
  21   try {
  22     const { id, ...createData } = userData; 
→ 23     await this.prisma.user.create(
Unique constraint failed on the fields: (`email`) {"clientVersion":"6.8.2","code":"P2002","meta":{"modelName":"User","target":["email"]},"name":"PrismaClientKnownRequestError","stack":"PrismaClientKnownRequestError: \nInvalid `this.prisma.user.create()` invocation in\n/src/src/Modules/User/infrastructure/repositories/UserRepository.ts:23:30\n\n  20 async create(userData: UserInterface): Promise<InternalResponse> {\n  21   try {\n  22     const { id, ...createData } = userData; \n→ 23     await this.prisma.user.create(\nUnique constraint failed on the fields: (`email`)\n    at Zn.handleRequestError (/src/node_modules/@prisma/client/runtime/library.js:121:7459)\n    at Zn.handleAndLogRequestError (/src/node_modules/@prisma/client/runtime/library.js:121:6784)\n    at Zn.request (/src/node_modules/@prisma/client/runtime/library.js:121:6491)\n    at async l (/src/node_modules/@prisma/client/runtime/library.js:130:9778)"}
[31merror[39m: Error creating new user {"stack":"Error: Error creating new user\n    at UsersController.<anonymous> (/src/src/Modules/User/infrastructure/controllers/UsersController.ts:62:36)\n    at Generator.next (<anonymous>)\n    at fulfilled (/src/src/Modules/User/infrastructure/controllers/UsersController.ts:5:58)","statusCode":400}
[32minfo[39m:   Server is running at http://localhost:3000 in development mode
[32minfo[39m:   Press CTRL-C to stop

[32minfo[39m:   Server is running at http://localhost:3000 in development mode
[32minfo[39m:   Press CTRL-C to stop

[32minfo[39m:   Server is running at http://localhost:3000 in development mode
[32minfo[39m:   Press CTRL-C to stop

[32minfo[39m:   Server is running at http://localhost:3000 in development mode
[32minfo[39m:   Press CTRL-C to stop

[32minfo[39m:   Server is running at http://localhost:3000 in development mode
[32minfo[39m:   Press CTRL-C to stop

[32minfo[39m:   Server is running at http://localhost:3000 in development mode
[32minfo[39m:   Press CTRL-C to stop

[32minfo[39m:   Server is running at http://localhost:3000 in development mode
[32minfo[39m:   Press CTRL-C to stop

[32minfo[39m:   Server is running at http://localhost:3000 in development mode
[32minfo[39m:   Press CTRL-C to stop

[32minfo[39m:   Server is running at http://localhost:3000 in development mode
[32minfo[39m:   Press CTRL-C to stop

[32minfo[39m:   Server is running at http://localhost:3000 in development mode
[32minfo[39m:   Press CTRL-C to stop

[32minfo[39m:   Server is running at http://localhost:3000 in development mode
[32minfo[39m:   Press CTRL-C to stop

[32minfo[39m:   Server is running at http://localhost:3000 in development mode
[32minfo[39m:   Press CTRL-C to stop

[32minfo[39m:   Server is running at http://localhost:3000 in development mode
[32minfo[39m:   Press CTRL-C to stop

[32minfo[39m:   Server is running at http://localhost:3000 in development mode
[32minfo[39m:   Press CTRL-C to stop

[32minfo[39m:   Server is running at http://localhost:3000 in development mode
[32minfo[39m:   Press CTRL-C to stop

[32minfo[39m:   Server is running at http://localhost:3000 in development mode
[32minfo[39m:   Press CTRL-C to stop

[32minfo[39m:   Server is running at http://localhost:3000 in development mode
[32minfo[39m:   Press CTRL-C to stop

[31merror[39m: 
Invalid `this.prisma.passenger.findUnique()` invocation in
/src/src/Modules/Passenger/infrastructure/repositories/PassengerRepository.ts:26:53

  23 
  24 async getByUuid(uuid: string): Promise<GenericResponse<PassengerDTO>> {
  25   try {
→ 26     const passenger = await this.prisma.passenger.findUnique({
           where: {
             uuid: undefined,
         ?   id?: Int,
         ?   email?: String,
         ?   AND?: PassengerWhereInput | PassengerWhereInput[],
         ?   OR?: PassengerWhereInput[],
         ?   NOT?: PassengerWhereInput | PassengerWhereInput[],
         ?   name?: StringFilter | String,
         ?   lastName?: StringFilter | String,
         ?   phone?: StringFilter | String,
         ?   createdAt?: DateTimeFilter | DateTime,
         ?   updatedAt?: DateTimeFilter | DateTime,
         ?   deletedAt?: DateTimeNullableFilter | DateTime | Null,
         ?   trips?: TripListRelationFilter
           }
         })

Argument `where` of type PassengerWhereUniqueInput needs at least one of `id`, `uuid` or `email` arguments. Available options are marked with ?. {"clientVersion":"6.8.2","name":"PrismaClientValidationError","stack":"PrismaClientValidationError: \nInvalid `this.prisma.passenger.findUnique()` invocation in\n/src/src/Modules/Passenger/infrastructure/repositories/PassengerRepository.ts:26:53\n\n  23 \n  24 async getByUuid(uuid: string): Promise<GenericResponse<PassengerDTO>> {\n  25   try {\n→ 26     const passenger = await this.prisma.passenger.findUnique({\n           where: {\n             uuid: undefined,\n         ?   id?: Int,\n         ?   email?: String,\n         ?   AND?: PassengerWhereInput | PassengerWhereInput[],\n         ?   OR?: PassengerWhereInput[],\n         ?   NOT?: PassengerWhereInput | PassengerWhereInput[],\n         ?   name?: StringFilter | String,\n         ?   lastName?: StringFilter | String,\n         ?   phone?: StringFilter | String,\n         ?   createdAt?: DateTimeFilter | DateTime,\n         ?   updatedAt?: DateTimeFilter | DateTime,\n         ?   deletedAt?: DateTimeNullableFilter | DateTime | Null,\n         ?   trips?: TripListRelationFilter\n           }\n         })\n\nArgument `where` of type PassengerWhereUniqueInput needs at least one of `id`, `uuid` or `email` arguments. Available options are marked with ?.\n    at kn (/src/node_modules/@prisma/client/runtime/library.js:29:1363)\n    at Zn.handleRequestError (/src/node_modules/@prisma/client/runtime/library.js:121:7102)\n    at Zn.handleAndLogRequestError (/src/node_modules/@prisma/client/runtime/library.js:121:6784)\n    at Zn.request (/src/node_modules/@prisma/client/runtime/library.js:121:6491)\n    at async l (/src/node_modules/@prisma/client/runtime/library.js:130:9778)"}
[31merror[39m: Error getting passenger by uuid {"stack":"Error: Error getting passenger by uuid\n    at PassengerController.<anonymous> (/src/src/Modules/Passenger/infrastructure/controllers/PassengerController.ts:47:36)\n    at Generator.next (<anonymous>)\n    at fulfilled (/src/src/Modules/Passenger/infrastructure/controllers/PassengerController.ts:5:58)","statusCode":400}
[32minfo[39m:   Server is running at http://localhost:3000 in development mode
[32minfo[39m:   Press CTRL-C to stop

[31merror[39m: 
Invalid `this.prisma.passenger.findUnique()` invocation in
/src/src/Modules/Passenger/infrastructure/repositories/PassengerRepository.ts:26:53

  23 
  24 async getByUuid(uuid: string): Promise<GenericResponse<PassengerDTO>> {
  25   try {
→ 26     const passenger = await this.prisma.passenger.findUnique({
           where: {
             uuid: undefined,
         ?   id?: Int,
         ?   email?: String,
         ?   AND?: PassengerWhereInput | PassengerWhereInput[],
         ?   OR?: PassengerWhereInput[],
         ?   NOT?: PassengerWhereInput | PassengerWhereInput[],
         ?   name?: StringFilter | String,
         ?   lastName?: StringFilter | String,
         ?   phone?: StringFilter | String,
         ?   createdAt?: DateTimeFilter | DateTime,
         ?   updatedAt?: DateTimeFilter | DateTime,
         ?   deletedAt?: DateTimeNullableFilter | DateTime | Null,
         ?   trips?: TripListRelationFilter
           }
         })

Argument `where` of type PassengerWhereUniqueInput needs at least one of `id`, `uuid` or `email` arguments. Available options are marked with ?. {"clientVersion":"6.8.2","name":"PrismaClientValidationError","stack":"PrismaClientValidationError: \nInvalid `this.prisma.passenger.findUnique()` invocation in\n/src/src/Modules/Passenger/infrastructure/repositories/PassengerRepository.ts:26:53\n\n  23 \n  24 async getByUuid(uuid: string): Promise<GenericResponse<PassengerDTO>> {\n  25   try {\n→ 26     const passenger = await this.prisma.passenger.findUnique({\n           where: {\n             uuid: undefined,\n         ?   id?: Int,\n         ?   email?: String,\n         ?   AND?: PassengerWhereInput | PassengerWhereInput[],\n         ?   OR?: PassengerWhereInput[],\n         ?   NOT?: PassengerWhereInput | PassengerWhereInput[],\n         ?   name?: StringFilter | String,\n         ?   lastName?: StringFilter | String,\n         ?   phone?: StringFilter | String,\n         ?   createdAt?: DateTimeFilter | DateTime,\n         ?   updatedAt?: DateTimeFilter | DateTime,\n         ?   deletedAt?: DateTimeNullableFilter | DateTime | Null,\n         ?   trips?: TripListRelationFilter\n           }\n         })\n\nArgument `where` of type PassengerWhereUniqueInput needs at least one of `id`, `uuid` or `email` arguments. Available options are marked with ?.\n    at kn (/src/node_modules/@prisma/client/runtime/library.js:29:1363)\n    at Zn.handleRequestError (/src/node_modules/@prisma/client/runtime/library.js:121:7102)\n    at Zn.handleAndLogRequestError (/src/node_modules/@prisma/client/runtime/library.js:121:6784)\n    at Zn.request (/src/node_modules/@prisma/client/runtime/library.js:121:6491)\n    at async l (/src/node_modules/@prisma/client/runtime/library.js:130:9778)"}
[31merror[39m: Error getting passenger by uuid {"stack":"Error: Error getting passenger by uuid\n    at PassengerController.<anonymous> (/src/src/Modules/Passenger/infrastructure/controllers/PassengerController.ts:47:36)\n    at Generator.next (<anonymous>)\n    at fulfilled (/src/src/Modules/Passenger/infrastructure/controllers/PassengerController.ts:5:58)","statusCode":400}
[32minfo[39m:   Server is running at http://localhost:3000 in development mode
[32minfo[39m:   Press CTRL-C to stop

[31merror[39m: 
Invalid `this.prisma.passenger.findUnique()` invocation in
/src/src/Modules/Passenger/infrastructure/repositories/PassengerRepository.ts:26:53

  23 
  24 async getByUuid(uuid: string): Promise<GenericResponse<PassengerDTO>> {
  25   try {
→ 26     const passenger = await this.prisma.passenger.findUnique({
           where: {
             uuid: undefined,
         ?   id?: Int,
         ?   email?: String,
         ?   AND?: PassengerWhereInput | PassengerWhereInput[],
         ?   OR?: PassengerWhereInput[],
         ?   NOT?: PassengerWhereInput | PassengerWhereInput[],
         ?   name?: StringFilter | String,
         ?   lastName?: StringFilter | String,
         ?   phone?: StringFilter | String,
         ?   createdAt?: DateTimeFilter | DateTime,
         ?   updatedAt?: DateTimeFilter | DateTime,
         ?   deletedAt?: DateTimeNullableFilter | DateTime | Null,
         ?   trips?: TripListRelationFilter
           }
         })

Argument `where` of type PassengerWhereUniqueInput needs at least one of `id`, `uuid` or `email` arguments. Available options are marked with ?. {"clientVersion":"6.8.2","name":"PrismaClientValidationError","stack":"PrismaClientValidationError: \nInvalid `this.prisma.passenger.findUnique()` invocation in\n/src/src/Modules/Passenger/infrastructure/repositories/PassengerRepository.ts:26:53\n\n  23 \n  24 async getByUuid(uuid: string): Promise<GenericResponse<PassengerDTO>> {\n  25   try {\n→ 26     const passenger = await this.prisma.passenger.findUnique({\n           where: {\n             uuid: undefined,\n         ?   id?: Int,\n         ?   email?: String,\n         ?   AND?: PassengerWhereInput | PassengerWhereInput[],\n         ?   OR?: PassengerWhereInput[],\n         ?   NOT?: PassengerWhereInput | PassengerWhereInput[],\n         ?   name?: StringFilter | String,\n         ?   lastName?: StringFilter | String,\n         ?   phone?: StringFilter | String,\n         ?   createdAt?: DateTimeFilter | DateTime,\n         ?   updatedAt?: DateTimeFilter | DateTime,\n         ?   deletedAt?: DateTimeNullableFilter | DateTime | Null,\n         ?   trips?: TripListRelationFilter\n           }\n         })\n\nArgument `where` of type PassengerWhereUniqueInput needs at least one of `id`, `uuid` or `email` arguments. Available options are marked with ?.\n    at kn (/src/node_modules/@prisma/client/runtime/library.js:29:1363)\n    at Zn.handleRequestError (/src/node_modules/@prisma/client/runtime/library.js:121:7102)\n    at Zn.handleAndLogRequestError (/src/node_modules/@prisma/client/runtime/library.js:121:6784)\n    at Zn.request (/src/node_modules/@prisma/client/runtime/library.js:121:6491)\n    at async l (/src/node_modules/@prisma/client/runtime/library.js:130:9778)"}
[31merror[39m: Error getting passenger by uuid {"stack":"Error: Error getting passenger by uuid\n    at PassengerController.<anonymous> (/src/src/Modules/Passenger/infrastructure/controllers/PassengerController.ts:48:36)\n    at Generator.next (<anonymous>)\n    at fulfilled (/src/src/Modules/Passenger/infrastructure/controllers/PassengerController.ts:5:58)","statusCode":400}
[32minfo[39m:   Server is running at http://localhost:3000 in development mode
[32minfo[39m:   Press CTRL-C to stop

[31merror[39m: 
Invalid `this.prisma.passenger.findUnique()` invocation in
/src/src/Modules/Passenger/infrastructure/repositories/PassengerRepository.ts:26:53

  23 
  24 async getByUuid(uuid: string): Promise<GenericResponse<PassengerDTO>> {
  25   try {
→ 26     const passenger = await this.prisma.passenger.findUnique({
           where: {
             uuid: undefined,
         ?   id?: Int,
         ?   email?: String,
         ?   AND?: PassengerWhereInput | PassengerWhereInput[],
         ?   OR?: PassengerWhereInput[],
         ?   NOT?: PassengerWhereInput | PassengerWhereInput[],
         ?   name?: StringFilter | String,
         ?   lastName?: StringFilter | String,
         ?   phone?: StringFilter | String,
         ?   createdAt?: DateTimeFilter | DateTime,
         ?   updatedAt?: DateTimeFilter | DateTime,
         ?   deletedAt?: DateTimeNullableFilter | DateTime | Null,
         ?   trips?: TripListRelationFilter
           }
         })

Argument `where` of type PassengerWhereUniqueInput needs at least one of `id`, `uuid` or `email` arguments. Available options are marked with ?. {"clientVersion":"6.8.2","name":"PrismaClientValidationError","stack":"PrismaClientValidationError: \nInvalid `this.prisma.passenger.findUnique()` invocation in\n/src/src/Modules/Passenger/infrastructure/repositories/PassengerRepository.ts:26:53\n\n  23 \n  24 async getByUuid(uuid: string): Promise<GenericResponse<PassengerDTO>> {\n  25   try {\n→ 26     const passenger = await this.prisma.passenger.findUnique({\n           where: {\n             uuid: undefined,\n         ?   id?: Int,\n         ?   email?: String,\n         ?   AND?: PassengerWhereInput | PassengerWhereInput[],\n         ?   OR?: PassengerWhereInput[],\n         ?   NOT?: PassengerWhereInput | PassengerWhereInput[],\n         ?   name?: StringFilter | String,\n         ?   lastName?: StringFilter | String,\n         ?   phone?: StringFilter | String,\n         ?   createdAt?: DateTimeFilter | DateTime,\n         ?   updatedAt?: DateTimeFilter | DateTime,\n         ?   deletedAt?: DateTimeNullableFilter | DateTime | Null,\n         ?   trips?: TripListRelationFilter\n           }\n         })\n\nArgument `where` of type PassengerWhereUniqueInput needs at least one of `id`, `uuid` or `email` arguments. Available options are marked with ?.\n    at kn (/src/node_modules/@prisma/client/runtime/library.js:29:1363)\n    at Zn.handleRequestError (/src/node_modules/@prisma/client/runtime/library.js:121:7102)\n    at Zn.handleAndLogRequestError (/src/node_modules/@prisma/client/runtime/library.js:121:6784)\n    at Zn.request (/src/node_modules/@prisma/client/runtime/library.js:121:6491)\n    at async l (/src/node_modules/@prisma/client/runtime/library.js:130:9778)"}
[31merror[39m: Error getting passenger by uuid {"stack":"Error: Error getting passenger by uuid\n    at PassengerController.<anonymous> (/src/src/Modules/Passenger/infrastructure/controllers/PassengerController.ts:47:36)\n    at Generator.next (<anonymous>)\n    at fulfilled (/src/src/Modules/Passenger/infrastructure/controllers/PassengerController.ts:5:58)","statusCode":400}
[32minfo[39m:   Server is running at http://localhost:3000 in development mode
[32minfo[39m:   Press CTRL-C to stop

[32minfo[39m:   Server is running at http://localhost:3000 in development mode
[32minfo[39m:   Press CTRL-C to stop

[32minfo[39m:   Server is running at http://localhost:3000 in development mode
[32minfo[39m:   Press CTRL-C to stop

[32minfo[39m: Connected to Redis
[32minfo[39m:   Server is running at http://localhost:3000 in development mode
[32minfo[39m:   Press CTRL-C to stop

[32minfo[39m:   Swagger documentation available at http://localhost:3000/api-docs
